I'm sorry, but errors were detected in your script. Please correct the
errors listed below, and try again.


File "game/customscreens.rpy", line 196: the auto keyword argument was not given a value.
    imagebutton auto:
                    ^

Ren'Py Version: Ren'Py 8.1.1.23060707
Thu Dec 28 20:55:42 2023
